// Vitest Snapshot v1, https://vitest.dev/guide/snapshot.html

exports[`API is alive > should return a 200 status 1`] = `"Hello, world!"`;
